LX51 LINKER/LOCATER V4.66.1.0                                                           02/23/2020  13:12:05  PAGE 1


LX51 LINKER/LOCATER V4.66.1.0, INVOKED BY:
C:\KEIL\C51\BIN\LX51.EXE mainADC0808.obj, .\delay.obj, .\LCD4.obj TO ADC0808


CPU MODE:     8051 MODE
MEMORY MODEL: SMALL WITH FLOATING POINT ARITHMETIC


INPUT MODULES INCLUDED:
  mainADC0808.obj (MAINADC0808)
         COMMENT TYPE 0: C51 V9.52.0.0
  .\delay.obj (DELAY)
         COMMENT TYPE 0: C51 V9.52.0.0
  .\LCD4.obj (LCD4)
         COMMENT TYPE 0: C51 V9.52.0.0
  C:\KEIL\C51\LIB\C51FPS.LIB (?C?FPMUL)
         COMMENT TYPE 1: A51 / ASM51 Assembler
  C:\KEIL\C51\LIB\C51FPS.LIB (?C?FCAST)
         COMMENT TYPE 1: A51 / ASM51 Assembler
  C:\KEIL\C51\LIB\C51FPS.LIB (?C?CASTF)
         COMMENT TYPE 1: A51 / ASM51 Assembler
  C:\KEIL\C51\LIB\C51FPS.LIB (?C?FPGETOPN)
         COMMENT TYPE 1: A51 / ASM51 Assembler
  C:\KEIL\C51\LIB\C51S.LIB (?C_STARTUP)
         COMMENT TYPE 1: A51 / ASM51 Assembler
  C:\KEIL\C51\LIB\C51S.LIB (?C?CLDOPTR)
         COMMENT TYPE 1: A51 / ASM51 Assembler
  C:\KEIL\C51\LIB\C51S.LIB (?C?UIDIV)
         COMMENT TYPE 1: A51 / ASM51 Assembler
  C:\KEIL\C51\LIB\C51S.LIB (?C?LNEG)
         COMMENT TYPE 1: A51 / ASM51 Assembler


ACTIVE MEMORY CLASSES OF MODULE:  ADC0808 (MAINADC0808)

BASE        START       END         USED      MEMORY CLASS
==========================================================
C:000000H   C:000000H   C:00FFFFH   0004B4H   CODE
I:000000H   I:000000H   I:00007FH   000015H   DATA
I:000000H   I:000000H   I:0000FFH   000001H   IDATA


MEMORY MAP OF MODULE:  ADC0808 (MAINADC0808)


START     STOP      LENGTH    ALIGN  RELOC    MEMORY CLASS   SEGMENT NAME
=========================================================================

* * * * * * * * * * *   D A T A   M E M O R Y   * * * * * * * * * * * * *
000000H   000007H   000008H   ---    AT..     DATA           "REG BANK 0"
000008H   00000BH   000004H   BYTE   UNIT     DATA           _DATA_GROUP_
00000CH   00000EH   000003H   BYTE   UNIT     DATA           ?DT?_LCD_OUT_CP?LCD4
00000FH   000011H   000003H   BYTE   UNIT     DATA           ?DT?_LCD_OUT?LCD4
000012H   000014H   000003H   BYTE   UNIT     DATA           ?DT?_LCD_CUSTOM_CHR?LCD4
000015H   000015H   000001H   BYTE   UNIT     IDATA          ?STACK

* * * * * * * * * * *   C O D E   M E M O R Y   * * * * * * * * * * * * *
000000H   000002H   000003H   ---    OFFS..   CODE           ?CO??C_STARTUP?0
000003H   0007FFH   0007FDH   ---    ---      **GAP**
000800H   000A54H   000255H   BYTE   UNIT     CODE           ?C?LIB_CODE
000A55H   000B1EH   0000CAH   BYTE   UNIT     CODE           ?PR?MAIN?MAINADC0808
000B1FH   000B7AH   00005CH   BYTE   UNIT     CODE           ?PR?LCD_INIT?LCD4
000B7BH   000BA4H   00002AH   BYTE   UNIT     CODE           ?PR?_LCD_CUSTOM_CHR?LCD4
000BA5H   000BC6H   000022H   BYTE   UNIT     CODE           ?PR?_ADC0808_READ?MAINADC0808
000BC7H   000BE6H   000020H   BYTE   UNIT     CODE           ?PR?_DELAY_MS?DELAY
000BE7H   000C06H   000020H   BYTE   UNIT     CODE           ?PR?_LCD_CMD?LCD4
LX51 LINKER/LOCATER V4.66.1.0                                                         02/23/2020  13:12:05  PAGE 2


000C07H   000C26H   000020H   BYTE   UNIT     CODE           ?PR?_LCD_OUT_CP?LCD4
000C27H   000C45H   00001FH   BYTE   UNIT     CODE           ?PR?_LCD_OUT?LCD4
000C46H   000C5DH   000018H   BYTE   UNIT     CODE           ?PR?_LCD_WRITE_LOW_NIBBLE?LCD4
000C5EH   000C74H   000017H   BYTE   UNIT     CODE           ?PR?_LCD_CHR?LCD4
000C75H   000C86H   000012H   BYTE   UNIT     CODE           ?PR?_LCD_WRITE_HIGH_NIBBLE?LCD4
000C87H   000C96H   000010H   BYTE   UNIT     CODE           ?PR?_LCD_CHR_CP?LCD4
000C97H   000CA2H   00000CH   BYTE   UNIT     CODE           ?C_C51STARTUP
000CA3H   000CA9H   000007H   BYTE   UNIT     CODE           ?PR?ADC0808_INIT?MAINADC0808
000CAAH   000CB0H   000007H   BYTE   UNIT     CODE           ?PR?_LCD_DELAY_US?LCD4



OVERLAY MAP OF MODULE:   ADC0808 (MAINADC0808)


FUNCTION/MODULE                   BIT_GROUP   DATA_GROUP 
--> CALLED FUNCTION/MODULE       START  STOP  START  STOP
=========================================================
?C_C51STARTUP                    ----- -----  ----- -----
  +--> MAIN/MAINADC0808

MAIN/MAINADC0808                 ----- -----  0008H 000AH
  +--> LCD_INIT/LCD4
  +--> ADC0808_INIT/MAINADC0808
  +--> _ADC0808_READ/MAINADC0808
  +--> _LCD_CHR/LCD4
  +--> _LCD_CHR_CP/LCD4
  +--> _DELAY_MS/DELAY

LCD_INIT/LCD4                    ----- -----  ----- -----
  +--> _DELAY_MS/DELAY
  +--> _LCD_WRITE_LOW_NIBBLE/LCD4
  +--> _LCD_DELAY_US/LCD4
  +--> _LCD_CMD/LCD4

_DELAY_MS/DELAY                  ----- -----  ----- -----

_LCD_WRITE_LOW_NIBBLE/LCD4       ----- -----  ----- -----
  +--> _LCD_WRITE_HIGH_NIBBLE/LCD4

_LCD_WRITE_HIGH_NIBBLE/LCD4      ----- -----  ----- -----

_LCD_DELAY_US/LCD4               ----- -----  ----- -----

_LCD_CMD/LCD4                    ----- -----  ----- -----
  +--> _LCD_WRITE_LOW_NIBBLE/LCD4
  +--> _DELAY_MS/DELAY
  +--> _LCD_DELAY_US/LCD4

ADC0808_INIT/MAINADC0808         ----- -----  ----- -----

_ADC0808_READ/MAINADC0808        ----- -----  ----- -----

_LCD_CHR/LCD4                    ----- -----  000BH 000BH
  +--> _LCD_CMD/LCD4
  +--> _LCD_CHR_CP/LCD4

_LCD_CHR_CP/LCD4                 ----- -----  ----- -----
  +--> _LCD_WRITE_LOW_NIBBLE/LCD4
  +--> _LCD_DELAY_US/LCD4



PUBLIC SYMBOLS OF MODULE:  ADC0808 (MAINADC0808)

LX51 LINKER/LOCATER V4.66.1.0                                                         02/23/2020  13:12:05  PAGE 3



      VALUE       CLASS    TYPE      PUBLIC SYMBOL NAME
      =================================================
      01000944H   CODE     ---       ?C?CASTF
      010009C5H   CODE     ---       ?C?CLDOPTR
      00000000H   NUMBER   ---       ?C?CODESEG
      01000910H   CODE     ---       ?C?FCASTC
      0100090BH   CODE     ---       ?C?FCASTI
      01000906H   CODE     ---       ?C?FCASTL
      0100097BH   CODE     ---       ?C?FPGETOPN2
      01000800H   CODE     ---       ?C?FPMUL
      010009B0H   CODE     ---       ?C?FPNANRESULT
      010009BAH   CODE     ---       ?C?FPOVERFLOW
      01000992H   CODE     ---       ?C?FPRESULT
      010009A6H   CODE     ---       ?C?FPRESULT2
      010009B7H   CODE     ---       ?C?FPUNDERFLOW
      01000A47H   CODE     ---       ?C?LNEG
      010009F2H   CODE     ---       ?C?UIDIV
      00000000H   NUMBER   ---       ?C?XDATASEG
      01000A55H   CODE     ---       ?C_START
      01000000H   CODE     ---       ?C_STARTUP
      01000BA5H   CODE     ---       _ADC0808_Read
      01000BC7H   CODE     ---       _Delay_ms
      01000C5EH   CODE     ---       _Lcd_Chr
      01000C87H   CODE     ---       _Lcd_Chr_Cp
      01000BE7H   CODE     ---       _Lcd_Cmd
      01000B7BH   CODE     ---       _Lcd_Custom_Chr
      01000CAAH   CODE     ---       _Lcd_Delay_us
      01000C27H   CODE     ---       _Lcd_Out
      01000C07H   CODE     ---       _Lcd_Out_Cp
      01000C75H   CODE     ---       _Lcd_Write_High_Nibble
      01000C4DH   CODE     ---       _Lcd_Write_Low_Nibble
*SFR* 000000D0H.6 DATA     BIT       AC
*SFR* 000000E0H   DATA     BYTE      ACC
*SFR* 000000B0H   DATA     BIT       ADC0804_CS
*SFR* 000000B0H.3 DATA     BIT       ADC0804_INTR
*SFR* 000000B0H.1 DATA     BIT       ADC0804_RD
*SFR* 000000B0H.2 DATA     BIT       ADC0804_WR
      01000CA3H   CODE     ---       ADC0808_Init
*SFR* 000000A0H   DATA     BIT       ADC_ADDA
*SFR* 000000A0H.1 DATA     BIT       ADC_ADDB
*SFR* 000000A0H.2 DATA     BIT       ADC_ADDC
*SFR* 000000A0H.3 DATA     BIT       ADC_ALE
*SFR* 000000A0H.5 DATA     BIT       ADC_EOC
*SFR* 000000A0H.6 DATA     BIT       ADC_OE
*SFR* 000000A0H.4 DATA     BIT       ADC_START
*SFR* 000000F0H   DATA     BYTE      B
*SFR* 000000C8H.1 DATA     BIT       C_T2
*SFR* 000000C8H   DATA     BIT       CP_RL2
*SFR* 000000D0H.7 DATA     BIT       CY
*SFR* 00000083H   DATA     BYTE      DPH
*SFR* 00000082H   DATA     BYTE      DPL
*SFR* 000000A8H.7 DATA     BIT       EA
*SFR* 000000A8H.4 DATA     BIT       ES
*SFR* 000000A8H.1 DATA     BIT       ET0
*SFR* 000000A8H.3 DATA     BIT       ET1
*SFR* 000000A8H.5 DATA     BIT       ET2
*SFR* 000000A8H   DATA     BIT       EX0
*SFR* 000000A8H.2 DATA     BIT       EX1
*SFR* 000000C8H.3 DATA     BIT       EXEN2
*SFR* 000000C8H.6 DATA     BIT       EXF2
*SFR* 000000D0H.5 DATA     BIT       F0
*SFR* 000000D0H.1 DATA     BIT       F1
*SFR* 000000A8H   DATA     BYTE      IE
*SFR* 00000088H.1 DATA     BIT       IE0
LX51 LINKER/LOCATER V4.66.1.0                                                         02/23/2020  13:12:05  PAGE 4


*SFR* 00000088H.3 DATA     BIT       IE1
*SFR* 000000B0H.2 DATA     BIT       INT0
*SFR* 000000B0H.3 DATA     BIT       INT1
*SFR* 000000B8H   DATA     BYTE      IP
*SFR* 00000088H   DATA     BIT       IT0
*SFR* 00000088H.2 DATA     BIT       IT1
*SFR* 00000080H.4 DATA     BIT       LCD_D4
*SFR* 00000080H.5 DATA     BIT       LCD_D5
*SFR* 00000080H.6 DATA     BIT       LCD_D6
*SFR* 00000080H.7 DATA     BIT       LCD_D7
*SFR* 00000080H.1 DATA     BIT       LCD_EN
      01000B1FH   CODE     ---       Lcd_Init
*SFR* 00000080H   DATA     BIT       LCD_RS
      01000A55H   CODE     ---       main
*SFR* 000000D0H.2 DATA     BIT       OV
*SFR* 000000D0H   DATA     BIT       P
*SFR* 00000080H   DATA     BYTE      P0
*SFR* 00000080H   DATA     BIT       P0_0
*SFR* 00000080H.1 DATA     BIT       P0_1
*SFR* 00000080H.2 DATA     BIT       P0_2
*SFR* 00000080H.3 DATA     BIT       P0_3
*SFR* 00000080H.4 DATA     BIT       P0_4
*SFR* 00000080H.5 DATA     BIT       P0_5
*SFR* 00000080H.6 DATA     BIT       P0_6
*SFR* 00000080H.7 DATA     BIT       P0_7
*SFR* 00000090H   DATA     BYTE      P1
*SFR* 00000090H   DATA     BIT       P1_0
*SFR* 00000090H.1 DATA     BIT       P1_1
*SFR* 00000090H.2 DATA     BIT       P1_2
*SFR* 00000090H.3 DATA     BIT       P1_3
*SFR* 00000090H.4 DATA     BIT       P1_4
*SFR* 00000090H.5 DATA     BIT       P1_5
*SFR* 00000090H.6 DATA     BIT       P1_6
*SFR* 00000090H.7 DATA     BIT       P1_7
*SFR* 000000A0H   DATA     BYTE      P2
*SFR* 000000A0H   DATA     BIT       P2_0
*SFR* 000000A0H.1 DATA     BIT       P2_1
*SFR* 000000A0H.2 DATA     BIT       P2_2
*SFR* 000000A0H.3 DATA     BIT       P2_3
*SFR* 000000A0H.4 DATA     BIT       P2_4
*SFR* 000000A0H.5 DATA     BIT       P2_5
*SFR* 000000A0H.6 DATA     BIT       P2_6
*SFR* 000000A0H.7 DATA     BIT       P2_7
*SFR* 000000B0H   DATA     BYTE      P3
*SFR* 000000B0H   DATA     BIT       P3_0
*SFR* 000000B0H.1 DATA     BIT       P3_1
*SFR* 000000B0H.2 DATA     BIT       P3_2
*SFR* 000000B0H.3 DATA     BIT       P3_3
*SFR* 000000B0H.4 DATA     BIT       P3_4
*SFR* 000000B0H.5 DATA     BIT       P3_5
*SFR* 000000B0H.6 DATA     BIT       P3_6
*SFR* 000000B0H.7 DATA     BIT       P3_7
*SFR* 00000087H   DATA     BYTE      PCON
*SFR* 000000B8H.4 DATA     BIT       PS
*SFR* 000000D0H   DATA     BYTE      PSW
*SFR* 000000B8H.1 DATA     BIT       PT0
*SFR* 000000B8H.3 DATA     BIT       PT1
*SFR* 000000B8H.5 DATA     BIT       PT2
*SFR* 000000B8H   DATA     BIT       PX0
*SFR* 000000B8H.2 DATA     BIT       PX1
*SFR* 00000098H.2 DATA     BIT       RB8
*SFR* 000000CBH   DATA     BYTE      RCAP2H
*SFR* 000000CAH   DATA     BYTE      RCAP2L
*SFR* 000000C8H.5 DATA     BIT       RCLK
*SFR* 000000B0H.7 DATA     BIT       RD
LX51 LINKER/LOCATER V4.66.1.0                                                         02/23/2020  13:12:05  PAGE 5


*SFR* 00000098H.4 DATA     BIT       REN
*SFR* 00000098H   DATA     BIT       RI
*SFR* 000000D0H.3 DATA     BIT       RS0
*SFR* 000000D0H.4 DATA     BIT       RS1
*SFR* 000000B0H   DATA     BIT       RXD
*SFR* 00000099H   DATA     BYTE      SBUF
*SFR* 00000098H   DATA     BYTE      SCON
*SFR* 00000098H.7 DATA     BIT       SM0
*SFR* 00000098H.6 DATA     BIT       SM1
*SFR* 00000098H.5 DATA     BIT       SM2
*SFR* 00000081H   DATA     BYTE      SP
*SFR* 000000B0H.4 DATA     BIT       T0
*SFR* 000000B0H.5 DATA     BIT       T1
*SFR* 00000090H   DATA     BIT       T2
*SFR* 000000C8H   DATA     BYTE      T2CON
*SFR* 00000090H.1 DATA     BIT       T2EX
*SFR* 000000C9H   DATA     BYTE      T2MOD
*SFR* 00000098H.3 DATA     BIT       TB8
*SFR* 000000C8H.4 DATA     BIT       TCLK
*SFR* 00000088H   DATA     BYTE      TCON
*SFR* 00000088H.5 DATA     BIT       TF0
*SFR* 00000088H.7 DATA     BIT       TF1
*SFR* 000000C8H.7 DATA     BIT       TF2
*SFR* 0000008CH   DATA     BYTE      TH0
*SFR* 0000008DH   DATA     BYTE      TH1
*SFR* 000000CDH   DATA     BYTE      TH2
*SFR* 00000098H.1 DATA     BIT       TI
*SFR* 0000008AH   DATA     BYTE      TL0
*SFR* 0000008BH   DATA     BYTE      TL1
*SFR* 000000CCH   DATA     BYTE      TL2
*SFR* 00000089H   DATA     BYTE      TMOD
*SFR* 00000088H.4 DATA     BIT       TR0
*SFR* 00000088H.6 DATA     BIT       TR1
*SFR* 000000C8H.2 DATA     BIT       TR2
*SFR* 000000B0H.1 DATA     BIT       TXD
*SFR* 000000B0H.6 DATA     BIT       WR



SYMBOL TABLE OF MODULE:  ADC0808 (MAINADC0808)

      VALUE       REP       CLASS    TYPE      SYMBOL NAME
      ====================================================
      ---         MODULE    ---      ---       MAINADC0808
      01000A55H   PUBLIC    CODE     ---       main
      01000BA5H   PUBLIC    CODE     ---       _ADC0808_Read
      01000CA3H   PUBLIC    CODE     ---       ADC0808_Init
      00000080H   SFRSYM    DATA     BYTE      P0
      000000A0H.5 SFRSYM    DATA     BIT       ADC_EOC
      00000090H   SFRSYM    DATA     BYTE      P1
      000000A0H   SFRSYM    DATA     BYTE      P2
      000000B0H   SFRSYM    DATA     BYTE      P3
      000000D0H.6 SFRSYM    DATA     BIT       AC
      000000B0H.4 SFRSYM    DATA     BIT       T0
      000000B0H.5 SFRSYM    DATA     BIT       T1
      000000A8H.7 SFRSYM    DATA     BIT       EA
      00000090H   SFRSYM    DATA     BIT       T2
      000000A8H   SFRSYM    DATA     BYTE      IE
      00000080H   SFRSYM    DATA     BIT       P0_0
      00000090H   SFRSYM    DATA     BIT       P1_0
      00000080H.1 SFRSYM    DATA     BIT       P0_1
      000000A0H   SFRSYM    DATA     BIT       P2_0
      00000090H.1 SFRSYM    DATA     BIT       P1_1
      00000080H.2 SFRSYM    DATA     BIT       P0_2
      000000B0H   SFRSYM    DATA     BIT       P3_0
LX51 LINKER/LOCATER V4.66.1.0                                                         02/23/2020  13:12:05  PAGE 6


      000000A0H.1 SFRSYM    DATA     BIT       P2_1
      00000090H.2 SFRSYM    DATA     BIT       P1_2
      00000080H.3 SFRSYM    DATA     BIT       P0_3
      000000B0H.1 SFRSYM    DATA     BIT       P3_1
      000000A0H.2 SFRSYM    DATA     BIT       P2_2
      00000090H.3 SFRSYM    DATA     BIT       P1_3
      00000080H.4 SFRSYM    DATA     BIT       P0_4
      000000B0H.2 SFRSYM    DATA     BIT       P3_2
      000000A0H.3 SFRSYM    DATA     BIT       P2_3
      00000090H.4 SFRSYM    DATA     BIT       P1_4
      00000080H.5 SFRSYM    DATA     BIT       P0_5
      000000C8H.6 SFRSYM    DATA     BIT       EXF2
      000000B0H.7 SFRSYM    DATA     BIT       RD
      000000B0H.3 SFRSYM    DATA     BIT       P3_3
      000000A0H.4 SFRSYM    DATA     BIT       P2_4
      00000090H.5 SFRSYM    DATA     BIT       P1_5
      00000080H.6 SFRSYM    DATA     BIT       P0_6
      000000B0H.4 SFRSYM    DATA     BIT       P3_4
      000000A0H.5 SFRSYM    DATA     BIT       P2_5
      00000090H.6 SFRSYM    DATA     BIT       P1_6
      00000080H.7 SFRSYM    DATA     BIT       P0_7
      000000B0H.5 SFRSYM    DATA     BIT       P3_5
      000000A8H.4 SFRSYM    DATA     BIT       ES
      000000A0H.6 SFRSYM    DATA     BIT       P2_6
      00000090H.7 SFRSYM    DATA     BIT       P1_7
      000000B0H.6 SFRSYM    DATA     BIT       P3_6
      000000A0H.7 SFRSYM    DATA     BIT       P2_7
      000000B8H   SFRSYM    DATA     BYTE      IP
      000000B0H.7 SFRSYM    DATA     BIT       P3_7
      00000098H   SFRSYM    DATA     BIT       RI
      000000D0H.7 SFRSYM    DATA     BIT       CY
      000000B0H.2 SFRSYM    DATA     BIT       INT0
      000000B0H.3 SFRSYM    DATA     BIT       INT1
      00000098H.1 SFRSYM    DATA     BIT       TI
      000000CBH   SFRSYM    DATA     BYTE      RCAP2H
      000000B8H.4 SFRSYM    DATA     BIT       PS
      00000081H   SFRSYM    DATA     BYTE      SP
      00000090H.1 SFRSYM    DATA     BIT       T2EX
      000000D0H.2 SFRSYM    DATA     BIT       OV
      000000CAH   SFRSYM    DATA     BYTE      RCAP2L
      000000C8H.1 SFRSYM    DATA     BIT       C_T2
      000000B0H.6 SFRSYM    DATA     BIT       WR
      00000080H.4 SFRSYM    DATA     BIT       LCD_D4
      00000080H.5 SFRSYM    DATA     BIT       LCD_D5
      000000C8H.5 SFRSYM    DATA     BIT       RCLK
      00000080H.6 SFRSYM    DATA     BIT       LCD_D6
      00000080H.7 SFRSYM    DATA     BIT       LCD_D7
      000000C8H.4 SFRSYM    DATA     BIT       TCLK
      00000099H   SFRSYM    DATA     BYTE      SBUF
      00000087H   SFRSYM    DATA     BYTE      PCON
      000000A0H   SFRSYM    DATA     BIT       ADC_ADDA
      00000098H   SFRSYM    DATA     BYTE      SCON
      000000A0H.1 SFRSYM    DATA     BIT       ADC_ADDB
      00000089H   SFRSYM    DATA     BYTE      TMOD
      00000088H   SFRSYM    DATA     BYTE      TCON
      000000A0H.2 SFRSYM    DATA     BIT       ADC_ADDC
      000000A0H.4 SFRSYM    DATA     BIT       ADC_START
      000000A0H.6 SFRSYM    DATA     BIT       ADC_OE
      00000088H.1 SFRSYM    DATA     BIT       IE0
      00000088H.3 SFRSYM    DATA     BIT       IE1
      000000F0H   SFRSYM    DATA     BYTE      B
      000000C8H   SFRSYM    DATA     BIT       CP_RL2
      00000080H.1 SFRSYM    DATA     BIT       LCD_EN
      000000E0H   SFRSYM    DATA     BYTE      ACC
      000000A8H.1 SFRSYM    DATA     BIT       ET0
LX51 LINKER/LOCATER V4.66.1.0                                                         02/23/2020  13:12:05  PAGE 7


      000000A8H.3 SFRSYM    DATA     BIT       ET1
      00000088H.5 SFRSYM    DATA     BIT       TF0
      000000A8H.5 SFRSYM    DATA     BIT       ET2
      00000088H.7 SFRSYM    DATA     BIT       TF1
      000000C8H.7 SFRSYM    DATA     BIT       TF2
      00000098H.2 SFRSYM    DATA     BIT       RB8
      0000008CH   SFRSYM    DATA     BYTE      TH0
      000000A8H   SFRSYM    DATA     BIT       EX0
      00000088H   SFRSYM    DATA     BIT       IT0
      0000008DH   SFRSYM    DATA     BYTE      TH1
      000000A8H.2 SFRSYM    DATA     BIT       EX1
      00000098H.3 SFRSYM    DATA     BIT       TB8
      00000088H.2 SFRSYM    DATA     BIT       IT1
      000000CDH   SFRSYM    DATA     BYTE      TH2
      000000D0H   SFRSYM    DATA     BIT       P
      00000098H.7 SFRSYM    DATA     BIT       SM0
      0000008AH   SFRSYM    DATA     BYTE      TL0
      00000098H.6 SFRSYM    DATA     BIT       SM1
      0000008BH   SFRSYM    DATA     BYTE      TL1
      00000098H.5 SFRSYM    DATA     BIT       SM2
      000000CCH   SFRSYM    DATA     BYTE      TL2
      000000B8H.1 SFRSYM    DATA     BIT       PT0
      000000D0H.3 SFRSYM    DATA     BIT       RS0
      000000B8H.3 SFRSYM    DATA     BIT       PT1
      000000D0H.4 SFRSYM    DATA     BIT       RS1
      000000B8H.5 SFRSYM    DATA     BIT       PT2
      00000088H.4 SFRSYM    DATA     BIT       TR0
      00000088H.6 SFRSYM    DATA     BIT       TR1
      000000C8H.2 SFRSYM    DATA     BIT       TR2
      000000B8H   SFRSYM    DATA     BIT       PX0
      00000080H   SFRSYM    DATA     BIT       LCD_RS
      000000B8H.2 SFRSYM    DATA     BIT       PX1
      00000083H   SFRSYM    DATA     BYTE      DPH
      00000082H   SFRSYM    DATA     BYTE      DPL
      000000C8H.3 SFRSYM    DATA     BIT       EXEN2
      00000098H.4 SFRSYM    DATA     BIT       REN
      000000C9H   SFRSYM    DATA     BYTE      T2MOD
      000000C8H   SFRSYM    DATA     BYTE      T2CON
      000000B0H   SFRSYM    DATA     BIT       RXD
      000000B0H.1 SFRSYM    DATA     BIT       TXD
      000000D0H.5 SFRSYM    DATA     BIT       F0
      000000D0H.1 SFRSYM    DATA     BIT       F1
      000000D0H   SFRSYM    DATA     BYTE      PSW
      000000A0H.3 SFRSYM    DATA     BIT       ADC_ALE

      01000CA3H   BLOCK     CODE     ---       LVL=0
      01000CA3H   LINE      CODE     ---       #6
      01000CA3H   LINE      CODE     ---       #7
      01000CA3H   LINE      CODE     ---       #8
      01000CA5H   LINE      CODE     ---       #9
      01000CA7H   LINE      CODE     ---       #10
      01000CA9H   LINE      CODE     ---       #11
      ---         BLOCKEND  ---      ---       LVL=0

      01000BA5H   BLOCK     CODE     ---       LVL=0
      00000007H   SYMBOL    DATA     BYTE      channel
      01000BA5H   BLOCK     CODE     NEAR LAB  LVL=1
      00000007H   SYMBOL    DATA     BYTE      kq
      ---         BLOCKEND  ---      ---       LVL=1
      01000BA5H   LINE      CODE     ---       #13
      01000BA5H   LINE      CODE     ---       #14
      01000BA5H   LINE      CODE     ---       #17
      01000BA9H   LINE      CODE     ---       #18
      01000BAEH   LINE      CODE     ---       #19
      01000BB2H   LINE      CODE     ---       #21
LX51 LINKER/LOCATER V4.66.1.0                                                         02/23/2020  13:12:05  PAGE 8


      01000BB4H   LINE      CODE     ---       #22
      01000BB6H   LINE      CODE     ---       #23
      01000BB8H   LINE      CODE     ---       #24
      01000BBAH   LINE      CODE     ---       #26
      01000BBDH   LINE      CODE     ---       #27
      01000BC0H   LINE      CODE     ---       #29
      01000BC2H   LINE      CODE     ---       #30
      01000BC4H   LINE      CODE     ---       #31
      01000BC6H   LINE      CODE     ---       #33
      01000BC6H   LINE      CODE     ---       #34
      ---         BLOCKEND  ---      ---       LVL=0

      01000A55H   BLOCK     CODE     ---       LVL=0
      01000A55H   BLOCK     CODE     NEAR LAB  LVL=1
      00000008H   SYMBOL    DATA     BYTE      adc_value
      00000009H   SYMBOL    DATA     WORD      voltage
      ---         BLOCKEND  ---      ---       LVL=1
      01000A55H   LINE      CODE     ---       #36
      01000A55H   LINE      CODE     ---       #37
      01000A55H   LINE      CODE     ---       #41
      01000A58H   LINE      CODE     ---       #42
      01000A5BH   LINE      CODE     ---       #43
      01000A5BH   LINE      CODE     ---       #44
      01000A5BH   LINE      CODE     ---       #45
      01000A62H   LINE      CODE     ---       #46
      01000A7AH   LINE      CODE     ---       #48
      01000A8AH   LINE      CODE     ---       #49
      01000A9CH   LINE      CODE     ---       #50
      01000AAAH   LINE      CODE     ---       #52
      01000AC0H   LINE      CODE     ---       #53
      01000AC5H   LINE      CODE     ---       #54
      01000AE4H   LINE      CODE     ---       #55
      01000B03H   LINE      CODE     ---       #56
      01000B15H   LINE      CODE     ---       #58
      01000B1CH   LINE      CODE     ---       #59
      ---         BLOCKEND  ---      ---       LVL=0

      ---         MODULE    ---      ---       DELAY
      01000BC7H   PUBLIC    CODE     ---       _Delay_ms

      01000BC7H   BLOCK     CODE     ---       LVL=0
      00000006H   SYMBOL    DATA     WORD      t
      01000BC7H   BLOCK     CODE     NEAR LAB  LVL=1
      00000004H   SYMBOL    DATA     WORD      x
      00000002H   SYMBOL    DATA     WORD      y
      ---         BLOCKEND  ---      ---       LVL=1
      01000BC7H   LINE      CODE     ---       #3
      01000BC7H   LINE      CODE     ---       #4
      01000BC7H   LINE      CODE     ---       #6
      01000BD1H   LINE      CODE     ---       #7
      01000BDFH   LINE      CODE     ---       #8
      01000BE6H   LINE      CODE     ---       #9
      ---         BLOCKEND  ---      ---       LVL=0

      ---         MODULE    ---      ---       LCD4
      01000B7BH   PUBLIC    CODE     ---       _Lcd_Custom_Chr
      01000C27H   PUBLIC    CODE     ---       _Lcd_Out
      01000C07H   PUBLIC    CODE     ---       _Lcd_Out_Cp
      01000C5EH   PUBLIC    CODE     ---       _Lcd_Chr
      01000C87H   PUBLIC    CODE     ---       _Lcd_Chr_Cp
      01000BE7H   PUBLIC    CODE     ---       _Lcd_Cmd
      01000B1FH   PUBLIC    CODE     ---       Lcd_Init
      01000CAAH   PUBLIC    CODE     ---       _Lcd_Delay_us
      01000C4DH   PUBLIC    CODE     ---       _Lcd_Write_Low_Nibble
      01000C75H   PUBLIC    CODE     ---       _Lcd_Write_High_Nibble
LX51 LINKER/LOCATER V4.66.1.0                                                         02/23/2020  13:12:05  PAGE 9


      00000080H   SFRSYM    DATA     BYTE      P0
      00000090H   SFRSYM    DATA     BYTE      P1
      000000A0H   SFRSYM    DATA     BYTE      P2
      000000B0H   SFRSYM    DATA     BYTE      P3
      000000D0H.6 SFRSYM    DATA     BIT       AC
      000000B0H.4 SFRSYM    DATA     BIT       T0
      000000B0H.5 SFRSYM    DATA     BIT       T1
      000000A8H.7 SFRSYM    DATA     BIT       EA
      00000090H   SFRSYM    DATA     BIT       T2
      000000B0H.1 SFRSYM    DATA     BIT       ADC0804_RD
      000000B0H   SFRSYM    DATA     BIT       ADC0804_CS
      000000A8H   SFRSYM    DATA     BYTE      IE
      00000080H   SFRSYM    DATA     BIT       P0_0
      00000090H   SFRSYM    DATA     BIT       P1_0
      00000080H.1 SFRSYM    DATA     BIT       P0_1
      000000A0H   SFRSYM    DATA     BIT       P2_0
      00000090H.1 SFRSYM    DATA     BIT       P1_1
      00000080H.2 SFRSYM    DATA     BIT       P0_2
      000000B0H   SFRSYM    DATA     BIT       P3_0
      000000A0H.1 SFRSYM    DATA     BIT       P2_1
      00000090H.2 SFRSYM    DATA     BIT       P1_2
      00000080H.3 SFRSYM    DATA     BIT       P0_3
      000000B0H.1 SFRSYM    DATA     BIT       P3_1
      000000A0H.2 SFRSYM    DATA     BIT       P2_2
      00000090H.3 SFRSYM    DATA     BIT       P1_3
      00000080H.4 SFRSYM    DATA     BIT       P0_4
      000000B0H.2 SFRSYM    DATA     BIT       P3_2
      000000A0H.3 SFRSYM    DATA     BIT       P2_3
      00000090H.4 SFRSYM    DATA     BIT       P1_4
      00000080H.5 SFRSYM    DATA     BIT       P0_5
      000000C8H.6 SFRSYM    DATA     BIT       EXF2
      000000B0H.7 SFRSYM    DATA     BIT       RD
      000000B0H.3 SFRSYM    DATA     BIT       P3_3
      000000A0H.4 SFRSYM    DATA     BIT       P2_4
      00000090H.5 SFRSYM    DATA     BIT       P1_5
      00000080H.6 SFRSYM    DATA     BIT       P0_6
      000000B0H.4 SFRSYM    DATA     BIT       P3_4
      000000A0H.5 SFRSYM    DATA     BIT       P2_5
      00000090H.6 SFRSYM    DATA     BIT       P1_6
      00000080H.7 SFRSYM    DATA     BIT       P0_7
      000000B0H.5 SFRSYM    DATA     BIT       P3_5
      000000A8H.4 SFRSYM    DATA     BIT       ES
      000000A0H.6 SFRSYM    DATA     BIT       P2_6
      00000090H.7 SFRSYM    DATA     BIT       P1_7
      000000B0H.6 SFRSYM    DATA     BIT       P3_6
      000000A0H.7 SFRSYM    DATA     BIT       P2_7
      000000B8H   SFRSYM    DATA     BYTE      IP
      000000B0H.7 SFRSYM    DATA     BIT       P3_7
      00000098H   SFRSYM    DATA     BIT       RI
      000000D0H.7 SFRSYM    DATA     BIT       CY
      000000B0H.2 SFRSYM    DATA     BIT       INT0
      000000B0H.3 SFRSYM    DATA     BIT       INT1
      00000098H.1 SFRSYM    DATA     BIT       TI
      000000B0H.2 SFRSYM    DATA     BIT       ADC0804_WR
      000000CBH   SFRSYM    DATA     BYTE      RCAP2H
      000000B8H.4 SFRSYM    DATA     BIT       PS
      00000081H   SFRSYM    DATA     BYTE      SP
      00000090H.1 SFRSYM    DATA     BIT       T2EX
      000000D0H.2 SFRSYM    DATA     BIT       OV
      000000CAH   SFRSYM    DATA     BYTE      RCAP2L
      000000C8H.1 SFRSYM    DATA     BIT       C_T2
      000000B0H.6 SFRSYM    DATA     BIT       WR
      00000080H.4 SFRSYM    DATA     BIT       LCD_D4
      00000080H.5 SFRSYM    DATA     BIT       LCD_D5
      000000C8H.5 SFRSYM    DATA     BIT       RCLK
LX51 LINKER/LOCATER V4.66.1.0                                                         02/23/2020  13:12:05  PAGE 10


      00000080H.6 SFRSYM    DATA     BIT       LCD_D6
      00000080H.7 SFRSYM    DATA     BIT       LCD_D7
      000000C8H.4 SFRSYM    DATA     BIT       TCLK
      00000099H   SFRSYM    DATA     BYTE      SBUF
      00000087H   SFRSYM    DATA     BYTE      PCON
      00000098H   SFRSYM    DATA     BYTE      SCON
      000000B0H.3 SFRSYM    DATA     BIT       ADC0804_INTR
      00000089H   SFRSYM    DATA     BYTE      TMOD
      00000088H   SFRSYM    DATA     BYTE      TCON
      00000088H.1 SFRSYM    DATA     BIT       IE0
      00000088H.3 SFRSYM    DATA     BIT       IE1
      000000F0H   SFRSYM    DATA     BYTE      B
      000000C8H   SFRSYM    DATA     BIT       CP_RL2
      00000080H.1 SFRSYM    DATA     BIT       LCD_EN
      000000E0H   SFRSYM    DATA     BYTE      ACC
      000000A8H.1 SFRSYM    DATA     BIT       ET0
      000000A8H.3 SFRSYM    DATA     BIT       ET1
      00000088H.5 SFRSYM    DATA     BIT       TF0
      000000A8H.5 SFRSYM    DATA     BIT       ET2
      00000088H.7 SFRSYM    DATA     BIT       TF1
      000000C8H.7 SFRSYM    DATA     BIT       TF2
      00000098H.2 SFRSYM    DATA     BIT       RB8
      0000008CH   SFRSYM    DATA     BYTE      TH0
      000000A8H   SFRSYM    DATA     BIT       EX0
      00000088H   SFRSYM    DATA     BIT       IT0
      0000008DH   SFRSYM    DATA     BYTE      TH1
      000000A8H.2 SFRSYM    DATA     BIT       EX1
      00000098H.3 SFRSYM    DATA     BIT       TB8
      00000088H.2 SFRSYM    DATA     BIT       IT1
      000000CDH   SFRSYM    DATA     BYTE      TH2
      000000D0H   SFRSYM    DATA     BIT       P
      00000098H.7 SFRSYM    DATA     BIT       SM0
      0000008AH   SFRSYM    DATA     BYTE      TL0
      00000098H.6 SFRSYM    DATA     BIT       SM1
      0000008BH   SFRSYM    DATA     BYTE      TL1
      00000098H.5 SFRSYM    DATA     BIT       SM2
      000000CCH   SFRSYM    DATA     BYTE      TL2
      000000B8H.1 SFRSYM    DATA     BIT       PT0
      000000D0H.3 SFRSYM    DATA     BIT       RS0
      000000B8H.3 SFRSYM    DATA     BIT       PT1
      000000D0H.4 SFRSYM    DATA     BIT       RS1
      000000B8H.5 SFRSYM    DATA     BIT       PT2
      00000088H.4 SFRSYM    DATA     BIT       TR0
      00000088H.6 SFRSYM    DATA     BIT       TR1
      000000C8H.2 SFRSYM    DATA     BIT       TR2
      000000B8H   SFRSYM    DATA     BIT       PX0
      00000080H   SFRSYM    DATA     BIT       LCD_RS
      000000B8H.2 SFRSYM    DATA     BIT       PX1
      00000083H   SFRSYM    DATA     BYTE      DPH
      00000082H   SFRSYM    DATA     BYTE      DPL
      000000C8H.3 SFRSYM    DATA     BIT       EXEN2
      00000098H.4 SFRSYM    DATA     BIT       REN
      000000C9H   SFRSYM    DATA     BYTE      T2MOD
      000000C8H   SFRSYM    DATA     BYTE      T2CON
      000000B0H   SFRSYM    DATA     BIT       RXD
      000000B0H.1 SFRSYM    DATA     BIT       TXD
      000000D0H.5 SFRSYM    DATA     BIT       F0
      000000D0H.1 SFRSYM    DATA     BIT       F1
      000000D0H   SFRSYM    DATA     BYTE      PSW

      01000C75H   BLOCK     CODE     ---       LVL=0
      00000007H   SYMBOL    DATA     BYTE      b
      01000C75H   LINE      CODE     ---       #53
      01000C75H   LINE      CODE     ---       #54
      01000C75H   LINE      CODE     ---       #55
LX51 LINKER/LOCATER V4.66.1.0                                                         02/23/2020  13:12:05  PAGE 11


      01000C79H   LINE      CODE     ---       #56
      01000C7EH   LINE      CODE     ---       #57
      01000C82H   LINE      CODE     ---       #58
      01000C86H   LINE      CODE     ---       #59
      ---         BLOCKEND  ---      ---       LVL=0

      01000C46H   BLOCK     CODE     ---       LVL=0
      ---         BLOCKEND  ---      ---       LVL=0

      01000C4DH   BLOCK     CODE     ---       LVL=0
      00000007H   SYMBOL    DATA     BYTE      b
      01000C4DH   LINE      CODE     ---       #64
      01000C4DH   LINE      CODE     ---       #65
      01000C4DH   LINE      CODE     ---       #66
      01000C52H   LINE      CODE     ---       #67
      01000C56H   LINE      CODE     ---       #68
      01000C5AH   LINE      CODE     ---       #69
      01000C5DH   LINE      CODE     ---       #70
      ---         BLOCKEND  ---      ---       LVL=0

      01000CAAH   BLOCK     CODE     ---       LVL=0
      00000007H   SYMBOL    DATA     BYTE      t
      01000CAAH   LINE      CODE     ---       #75
      01000CAAH   LINE      CODE     ---       #76
      01000CAAH   LINE      CODE     ---       #77
      01000CB0H   LINE      CODE     ---       #78
      ---         BLOCKEND  ---      ---       LVL=0

      01000B1FH   BLOCK     CODE     ---       LVL=0
      01000B1FH   LINE      CODE     ---       #105
      01000B1FH   LINE      CODE     ---       #106
      01000B1FH   LINE      CODE     ---       #107
      01000B21H   LINE      CODE     ---       #108
      01000B23H   LINE      CODE     ---       #113
      01000B2AH   LINE      CODE     ---       #115
      01000B2FH   LINE      CODE     ---       #116
      01000B31H   LINE      CODE     ---       #117
      01000B33H   LINE      CODE     ---       #118
      01000B3AH   LINE      CODE     ---       #120
      01000B3FH   LINE      CODE     ---       #121
      01000B41H   LINE      CODE     ---       #122
      01000B43H   LINE      CODE     ---       #123
      01000B48H   LINE      CODE     ---       #125
      01000B4DH   LINE      CODE     ---       #126
      01000B4FH   LINE      CODE     ---       #127
      01000B51H   LINE      CODE     ---       #131
      01000B58H   LINE      CODE     ---       #134
      01000B5DH   LINE      CODE     ---       #135
      01000B5FH   LINE      CODE     ---       #136
      01000B61H   LINE      CODE     ---       #137
      01000B67H   LINE      CODE     ---       #139
      01000B6CH   LINE      CODE     ---       #140
      01000B71H   LINE      CODE     ---       #141
      01000B76H   LINE      CODE     ---       #142
      ---         BLOCKEND  ---      ---       LVL=0

      01000BE7H   BLOCK     CODE     ---       LVL=0
      00000006H   SYMBOL    DATA     BYTE      cmd
      01000BE7H   LINE      CODE     ---       #149
      01000BE9H   LINE      CODE     ---       #150
      01000BE9H   LINE      CODE     ---       #154
      01000BEBH   LINE      CODE     ---       #155
      01000BEBH   LINE      CODE     ---       #156
      01000BEBH   LINE      CODE     ---       #157
      01000BEBH   LINE      CODE     ---       #159
LX51 LINKER/LOCATER V4.66.1.0                                                         02/23/2020  13:12:05  PAGE 12


      01000BEEH   LINE      CODE     ---       #160
      01000BF0H   LINE      CODE     ---       #161
      01000BF2H   LINE      CODE     ---       #166
      01000BFAH   LINE      CODE     ---       #167
      01000BFAH   LINE      CODE     ---       #168
      01000BFAH   LINE      CODE     ---       #169
      01000BFAH   LINE      CODE     ---       #170
      01000C01H   LINE      CODE     ---       #171
      01000C01H   LINE      CODE     ---       #172
      01000C01H   LINE      CODE     ---       #173
      01000C06H   LINE      CODE     ---       #174
      01000C06H   LINE      CODE     ---       #175
      01000C06H   LINE      CODE     ---       #177
      ---         BLOCKEND  ---      ---       LVL=0

      01000C87H   BLOCK     CODE     ---       LVL=0
      00000006H   SYMBOL    DATA     BYTE      achar
      01000C87H   LINE      CODE     ---       #182
      01000C89H   LINE      CODE     ---       #183
      01000C89H   LINE      CODE     ---       #187
      01000C8BH   LINE      CODE     ---       #188
      01000C8BH   LINE      CODE     ---       #189
      01000C8BH   LINE      CODE     ---       #190
      01000C8BH   LINE      CODE     ---       #192
      01000C8EH   LINE      CODE     ---       #193
      01000C90H   LINE      CODE     ---       #194
      01000C92H   LINE      CODE     ---       #199
      ---         BLOCKEND  ---      ---       LVL=0

      01000C5EH   BLOCK     CODE     ---       LVL=0
      00000007H   SYMBOL    DATA     BYTE      row
      00000005H   SYMBOL    DATA     BYTE      column
      0000000BH   SYMBOL    DATA     BYTE      out_char
      01000C60H   BLOCK     CODE     NEAR LAB  LVL=1
      00000007H   SYMBOL    DATA     BYTE      add
      ---         BLOCKEND  ---      ---       LVL=1
      01000C5EH   LINE      CODE     ---       #207
      01000C60H   LINE      CODE     ---       #209
      01000C60H   LINE      CODE     ---       #211
      01000C69H   LINE      CODE     ---       #212
      01000C6DH   LINE      CODE     ---       #213
      01000C70H   LINE      CODE     ---       #214
      ---         BLOCKEND  ---      ---       LVL=0

      01000C07H   BLOCK     CODE     ---       LVL=0
      0000000CH   SYMBOL    DATA     ---       str
      01000C0DH   BLOCK     CODE     NEAR LAB  LVL=1
      00000005H   SYMBOL    DATA     BYTE      i
      ---         BLOCKEND  ---      ---       LVL=1
      01000C07H   LINE      CODE     ---       #217
      01000C0DH   LINE      CODE     ---       #218
      01000C0DH   LINE      CODE     ---       #219
      01000C0FH   LINE      CODE     ---       #220
      01000C20H   LINE      CODE     ---       #221
      01000C20H   LINE      CODE     ---       #222
      01000C23H   LINE      CODE     ---       #223
      01000C24H   LINE      CODE     ---       #224
      01000C26H   LINE      CODE     ---       #225
      ---         BLOCKEND  ---      ---       LVL=0

      01000C27H   BLOCK     CODE     ---       LVL=0
      00000007H   SYMBOL    DATA     BYTE      row
      00000005H   SYMBOL    DATA     BYTE      column
      0000000FH   SYMBOL    DATA     ---       text
      01000C2DH   BLOCK     CODE     NEAR LAB  LVL=1
LX51 LINKER/LOCATER V4.66.1.0                                                         02/23/2020  13:12:05  PAGE 13


      00000007H   SYMBOL    DATA     BYTE      add
      ---         BLOCKEND  ---      ---       LVL=1
      01000C27H   LINE      CODE     ---       #232
      01000C2DH   LINE      CODE     ---       #234
      01000C2DH   LINE      CODE     ---       #236
      01000C36H   LINE      CODE     ---       #237
      01000C3AH   LINE      CODE     ---       #238
      01000C3DH   LINE      CODE     ---       #239
      ---         BLOCKEND  ---      ---       LVL=0

      01000B7BH   BLOCK     CODE     ---       LVL=0
      00000007H   SYMBOL    DATA     BYTE      location
      00000012H   SYMBOL    DATA     ---       lcd_char
      01000B81H   BLOCK     CODE     NEAR LAB  LVL=1
      00000005H   SYMBOL    DATA     BYTE      i
      ---         BLOCKEND  ---      ---       LVL=1
      01000B7BH   LINE      CODE     ---       #256
      01000B81H   LINE      CODE     ---       #257
      01000B81H   LINE      CODE     ---       #259
      01000B8CH   LINE      CODE     ---       #260
      01000B8EH   LINE      CODE     ---       #261
      01000BA4H   LINE      CODE     ---       #262
      ---         BLOCKEND  ---      ---       LVL=0

      ---         MODULE    ---      ---       ?C?FPMUL
      01000800H   PUBLIC    CODE     ---       ?C?FPMUL

      ---         MODULE    ---      ---       ?C?FCAST
      01000910H   PUBLIC    CODE     ---       ?C?FCASTC
      0100090BH   PUBLIC    CODE     ---       ?C?FCASTI
      01000906H   PUBLIC    CODE     ---       ?C?FCASTL

      ---         MODULE    ---      ---       ?C?CASTF
      01000944H   PUBLIC    CODE     ---       ?C?CASTF

      ---         MODULE    ---      ---       ?C?FPGETOPN
      0100097BH   PUBLIC    CODE     ---       ?C?FPGETOPN2
      010009B0H   PUBLIC    CODE     ---       ?C?FPNANRESULT
      010009BAH   PUBLIC    CODE     ---       ?C?FPOVERFLOW
      01000992H   PUBLIC    CODE     ---       ?C?FPRESULT
      010009A6H   PUBLIC    CODE     ---       ?C?FPRESULT2
      010009B7H   PUBLIC    CODE     ---       ?C?FPUNDERFLOW

      ---         MODULE    ---      ---       ?C_STARTUP
      01000000H   PUBLIC    CODE     ---       ?C_STARTUP

      ---         MODULE    ---      ---       ?C?CLDOPTR
      010009C5H   PUBLIC    CODE     ---       ?C?CLDOPTR

      ---         MODULE    ---      ---       ?C?UIDIV
      010009F2H   PUBLIC    CODE     ---       ?C?UIDIV

      ---         MODULE    ---      ---       ?C?LNEG
      01000A47H   PUBLIC    CODE     ---       ?C?LNEG



*** WARNING L16: UNCALLED FUNCTION, IGNORED FOR OVERLAY PROCESS
    NAME:    _LCD_OUT/LCD4

*** WARNING L16: UNCALLED FUNCTION, IGNORED FOR OVERLAY PROCESS
    NAME:    _LCD_CUSTOM_CHR/LCD4

******************************************************************************
* RESTRICTED VERSION WITH 0800H BYTE CODE SIZE LIMIT; USED: 0250H BYTE (28%) *
LX51 LINKER/LOCATER V4.66.1.0                                                         02/23/2020  13:12:05  PAGE 14


******************************************************************************

Program Size: data=22.0 xdata=0 const=0 code=1204
LX51 RUN COMPLETE.  2 WARNING(S),  0 ERROR(S)
